// Jest Snapshot v1, https://goo.gl/fbAQLP

exports[`exports modules correctly 1`] = `[Function]`;
